
> kronova@0.1.0 dev
> next dev --hostname 127.0.0.1 --port 3000

▲ Next.js 16.2.12 (Turbopack)
- Local:         http://127.0.0.1:3000
- Network:       http://127.0.0.1:3000
- Environments: .env.local
✓ Ready in 1545ms
Creating turbopack project { dir: 'D:\\Micro-SaaS\\kronova', testMode: true }
{"timestamp":"2026-08-09T21:03:31.162Z","service":"kronova","level":"info","trace_id":"dd825705-0f69-472c-b4d5-4a32bcdf0242","source":"next","event":"server_started","attributes":{"runtime":"nodejs"}}

 GET / 200 in 8.8s (next.js: 501ms, proxy.ts: 7.9s, application-code: 416ms)
 GET /login 200 in 1198ms (next.js: 1092ms, proxy.ts: 12ms, application-code: 95ms)
 GET / 200 in 153ms (next.js: 7ms, proxy.ts: 7ms, application-code: 139ms)
 GET /login 200 in 79ms (next.js: 4ms, proxy.ts: 14ms, application-code: 60ms)
 GET /register 200 in 553ms (next.js: 509ms, proxy.ts: 7ms, application-code: 36ms)
✓ Finished filesystem cache database compaction in 15.3s
 GET /register?error=fetch+failed 200 in 70ms (next.js: 7ms, proxy.ts: 7ms, application-code: 56ms)
 POST /register 303 in 1920ms (next.js: 4ms, proxy.ts: 6ms, application-code: 1910ms)
  └─ ƒ register({}) in 92ms src/app/auth/actions.ts
 GET /register 200 in 89ms (next.js: 5ms, proxy.ts: 10ms, application-code: 73ms)
 GET /login?message=Cuenta+creada.+Revisa+tu+correo+para+confirmarla. 200 in 61ms (next.js: 5ms, proxy.ts: 9ms, application-code: 48ms)
 POST /register 303 in 1769ms (next.js: 5ms, proxy.ts: 6ms, application-code: 1758ms)
  └─ ƒ register({}) in 1677ms src/app/auth/actions.ts
 GET /auth/callback?code=93391bbc-29c4-4ba6-a4cc-8dabd60e1d6d&next=%2Fdashboard 307 in 1079ms (next.js: 597ms, proxy.ts: 8ms, application-code: 475ms)
 GET /dashboard 500 in 1203ms (next.js: 57ms, proxy.ts: 219ms, application-code: 927ms)
 POST /dashboard 200 in 39ms (next.js: 6ms, proxy.ts: 9ms, application-code: 24ms)
 GET /dashboard 200 in 559ms (next.js: 5ms, proxy.ts: 9ms, application-code: 545ms)
 GET /dashboard 200 in 661ms (next.js: 6ms, proxy.ts: 12ms, application-code: 643ms)
 GET /dashboard 200 in 492ms (next.js: 7ms, proxy.ts: 8ms, application-code: 478ms)
 GET /dashboard 200 in 1196ms (next.js: 7ms, proxy.ts: 9ms, application-code: 1181ms)
 GET /dashboard 200 in 2.3s (next.js: 5ms, proxy.ts: 7ms, application-code: 2.3s)
 GET /dashboard 200 in 2.6s (next.js: 6ms, proxy.ts: 8ms, application-code: 2.6s)
 GET /dashboard 200 in 1585ms (next.js: 4ms, proxy.ts: 6ms, application-code: 1574ms)
 GET /dashboard 307 in 1124ms (next.js: 5ms, proxy.ts: 607ms, application-code: 511ms)
 GET /dashboard 307 in 382ms (next.js: 5ms, proxy.ts: 7ms, application-code: 370ms)
 GET /dashboard 307 in 310ms (next.js: 4ms, proxy.ts: 7ms, application-code: 298ms)
 GET /dashboard 307 in 513ms (next.js: 4ms, proxy.ts: 6ms, application-code: 503ms)
 GET /dashboard 307 in 302ms (next.js: 4ms, proxy.ts: 11ms, application-code: 287ms)
 GET /dashboard 307 in 296ms (next.js: 4ms, proxy.ts: 7ms, application-code: 285ms)
 GET /dashboard 307 in 310ms (next.js: 6ms, proxy.ts: 9ms, application-code: 295ms)
 GET /dashboard 307 in 301ms (next.js: 4ms, proxy.ts: 9ms, application-code: 289ms)
 GET /dashboard 307 in 323ms (next.js: 7ms, proxy.ts: 6ms, application-code: 310ms)
 GET /dashboard 307 in 315ms (next.js: 3ms, proxy.ts: 38ms, application-code: 273ms)
 GET /dashboard 307 in 311ms (next.js: 3ms, proxy.ts: 8ms, application-code: 300ms)
 GET /dashboard 307 in 273ms (next.js: 4ms, proxy.ts: 9ms, application-code: 260ms)
 GET /dashboard 307 in 291ms (next.js: 4ms, proxy.ts: 7ms, application-code: 280ms)
 GET /dashboard 307 in 285ms (next.js: 3ms, proxy.ts: 6ms, application-code: 276ms)
 GET /dashboard 307 in 298ms (next.js: 5ms, proxy.ts: 6ms, application-code: 287ms)
 GET /dashboard 307 in 288ms (next.js: 5ms, proxy.ts: 6ms, application-code: 277ms)
 GET /dashboard 307 in 286ms (next.js: 6ms, proxy.ts: 8ms, application-code: 272ms)
 GET /dashboard 307 in 281ms (next.js: 4ms, proxy.ts: 6ms, application-code: 271ms)
 GET /dashboard 307 in 287ms (next.js: 5ms, proxy.ts: 7ms, application-code: 275ms)
 GET /dashboard 307 in 292ms (next.js: 5ms, proxy.ts: 7ms, application-code: 280ms)
 GET /dashboard 307 in 519ms (next.js: 7ms, proxy.ts: 10ms, application-code: 502ms)
 GET /dashboard 307 in 336ms (next.js: 5ms, proxy.ts: 9ms, application-code: 321ms)
 GET /dashboard 307 in 302ms (next.js: 5ms, proxy.ts: 8ms, application-code: 290ms)
 GET /dashboard 307 in 293ms (next.js: 4ms, proxy.ts: 7ms, application-code: 281ms)
 GET /dashboard 307 in 304ms (next.js: 3ms, proxy.ts: 7ms, application-code: 294ms)
 GET /dashboard 307 in 314ms (next.js: 6ms, proxy.ts: 8ms, application-code: 300ms)
 GET /dashboard 307 in 299ms (next.js: 4ms, proxy.ts: 10ms, application-code: 285ms)
 GET /dashboard 307 in 292ms (next.js: 4ms, proxy.ts: 11ms, application-code: 277ms)
 GET /dashboard 307 in 304ms (next.js: 3ms, proxy.ts: 10ms, application-code: 290ms)
 GET /dashboard 307 in 285ms (next.js: 6ms, proxy.ts: 5ms, application-code: 274ms)
 GET /auth/callback?error=access_denied&error_code=otp_expired&error_description=Email+link+is+invalid+or+has+expired&next=%2Fdashboard 307 in 30ms (next.js: 4ms, proxy.ts: 6ms, application-code: 20ms)
 GET /dashboard 307 in 506ms (next.js: 6ms, proxy.ts: 6ms, application-code: 494ms)
 GET /dashboard 307 in 287ms (next.js: 4ms, proxy.ts: 7ms, application-code: 276ms)
 GET /dashboard 307 in 484ms (next.js: 4ms, proxy.ts: 6ms, application-code: 475ms)
 GET /dashboard 307 in 302ms (next.js: 4ms, proxy.ts: 10ms, application-code: 288ms)
 GET /dashboard 307 in 279ms (next.js: 4ms, proxy.ts: 8ms, application-code: 267ms)
 GET /dashboard 307 in 296ms (next.js: 3ms, proxy.ts: 7ms, application-code: 285ms)
 GET /dashboard 307 in 295ms (next.js: 4ms, proxy.ts: 7ms, application-code: 284ms)
 GET /dashboard 307 in 297ms (next.js: 4ms, proxy.ts: 5ms, application-code: 288ms)
 GET /dashboard 307 in 293ms (next.js: 4ms, proxy.ts: 7ms, application-code: 281ms)
 GET /dashboard 307 in 316ms (next.js: 5ms, proxy.ts: 19ms, application-code: 292ms)
 GET /dashboard 307 in 299ms (next.js: 4ms, proxy.ts: 7ms, application-code: 288ms)
 GET /dashboard 307 in 283ms (next.js: 5ms, proxy.ts: 7ms, application-code: 272ms)
 GET /dashboard 307 in 285ms (next.js: 4ms, proxy.ts: 7ms, application-code: 274ms)
 GET /dashboard 307 in 293ms (next.js: 3ms, proxy.ts: 5ms, application-code: 285ms)
 GET /dashboard 307 in 296ms (next.js: 5ms, proxy.ts: 7ms, application-code: 284ms)
 GET /dashboard 307 in 279ms (next.js: 12ms, proxy.ts: 7ms, application-code: 261ms)
 GET /dashboard 307 in 282ms (next.js: 5ms, proxy.ts: 6ms, application-code: 271ms)
 GET /dashboard 307 in 283ms (next.js: 3ms, proxy.ts: 6ms, application-code: 274ms)
 GET /dashboard 307 in 281ms (next.js: 3ms, proxy.ts: 6ms, application-code: 272ms)
 GET /dashboard 307 in 541ms (next.js: 6ms, proxy.ts: 6ms, application-code: 530ms)
 GET /dashboard 307 in 276ms (next.js: 5ms, proxy.ts: 6ms, application-code: 266ms)
 GET /dashboard 307 in 299ms (next.js: 4ms, proxy.ts: 7ms, application-code: 288ms)
 GET /dashboard 307 in 273ms (next.js: 6ms, proxy.ts: 5ms, application-code: 262ms)
 GET /dashboard 307 in 269ms (next.js: 3ms, proxy.ts: 5ms, application-code: 261ms)
 GET /dashboard 307 in 299ms (next.js: 3ms, proxy.ts: 8ms, application-code: 287ms)
 GET /dashboard 307 in 305ms (next.js: 4ms, proxy.ts: 9ms, application-code: 292ms)
 GET /dashboard 307 in 286ms (next.js: 6ms, proxy.ts: 6ms, application-code: 275ms)
 GET /dashboard 307 in 267ms (next.js: 3ms, proxy.ts: 5ms, application-code: 259ms)
 GET /dashboard 307 in 275ms (next.js: 4ms, proxy.ts: 4ms, application-code: 267ms)
 GET /dashboard 307 in 709ms (next.js: 5ms, proxy.ts: 8ms, application-code: 696ms)
 GET /dashboard 307 in 312ms (next.js: 6ms, proxy.ts: 8ms, application-code: 298ms)
 GET /dashboard 307 in 269ms (next.js: 3ms, proxy.ts: 6ms, application-code: 259ms)
 GET /dashboard 307 in 293ms (next.js: 5ms, proxy.ts: 7ms, application-code: 281ms)
 GET /dashboard 307 in 275ms (next.js: 5ms, proxy.ts: 7ms, application-code: 263ms)
 GET /dashboard 307 in 289ms (next.js: 4ms, proxy.ts: 7ms, application-code: 278ms)
 GET /dashboard 307 in 274ms (next.js: 4ms, proxy.ts: 6ms, application-code: 264ms)
 GET /dashboard 307 in 269ms (next.js: 3ms, proxy.ts: 5ms, application-code: 260ms)
 GET /dashboard 307 in 283ms (next.js: 4ms, proxy.ts: 5ms, application-code: 274ms)
 GET /dashboard 307 in 276ms (next.js: 4ms, proxy.ts: 6ms, application-code: 266ms)
 GET /dashboard 200 in 1319ms (next.js: 5ms, proxy.ts: 9ms, application-code: 1306ms)
○ Compiling /api/billing/entitlements ...
 GET /api/documents?tenantId=e85fb727-2e74-440c-8f4c-b76d0f31beea&page=1&pageSize=10 200 in 5.0s (next.js: 4.0s, proxy.ts: 58ms, application-code: 977ms)
 GET /api/billing/entitlements?tenantId=e85fb727-2e74-440c-8f4c-b76d0f31beea 200 in 5.2s (next.js: 4.5s, proxy.ts: 59ms, application-code: 670ms)
 GET /api/dashboard/overview?tenantId=e85fb727-2e74-440c-8f4c-b76d0f31beea 200 in 5.5s (next.js: 4.5s, proxy.ts: 58ms, application-code: 970ms)
 GET /api/billing/usage?tenantId=e85fb727-2e74-440c-8f4c-b76d0f31beea 200 in 5.6s (next.js: 4.4s, proxy.ts: 57ms, application-code: 1169ms)
 GET /api/documents?tenantId=e85fb727-2e74-440c-8f4c-b76d0f31beea&page=1&pageSize=10 200 in 434ms (next.js: 6ms, proxy.ts: 11ms, application-code: 418ms)
✓ Finished filesystem cache database compaction in 18.4s
 GET /api/documents?tenantId=e85fb727-2e74-440c-8f4c-b76d0f31beea&module=docaudit&page=1&pageSize=20 200 in 436ms (next.js: 6ms, proxy.ts: 6ms, application-code: 424ms)
 GET /api/documents?tenantId=e85fb727-2e74-440c-8f4c-b76d0f31beea&module=leasereader&pageSize=20 200 in 238ms (next.js: 4ms, proxy.ts: 10ms, application-code: 225ms)
 GET /api/reviewsync/locations?tenantId=e85fb727-2e74-440c-8f4c-b76d0f31beea 200 in 1303ms (next.js: 742ms, proxy.ts: 9ms, application-code: 552ms)
 GET /api/reviewsync/reviews?tenantId=e85fb727-2e74-440c-8f4c-b76d0f31beea 200 in 1180ms (next.js: 557ms, proxy.ts: 6ms, application-code: 617ms)
 GET /api/documents?tenantId=e85fb727-2e74-440c-8f4c-b76d0f31beea&page=1&pageSize=10 200 in 458ms (next.js: 9ms, proxy.ts: 7ms, application-code: 442ms)
 GET /api/billing/usage?tenantId=e85fb727-2e74-440c-8f4c-b76d0f31beea 200 in 824ms (next.js: 4ms, proxy.ts: 8ms, application-code: 812ms)
 GET /api/documents?tenantId=e85fb727-2e74-440c-8f4c-b76d0f31beea&page=1&pageSize=10 200 in 426ms (next.js: 3ms, proxy.ts: 3ms, application-code: 420ms)
 GET /api/billing/usage?tenantId=e85fb727-2e74-440c-8f4c-b76d0f31beea 200 in 816ms (next.js: 4ms, proxy.ts: 4ms, application-code: 808ms)
 GET /api/documents?tenantId=e85fb727-2e74-440c-8f4c-b76d0f31beea&page=1&pageSize=10 200 in 241ms (next.js: 9ms, proxy.ts: 13ms, application-code: 219ms)
 GET /api/documents?tenantId=e85fb727-2e74-440c-8f4c-b76d0f31beea&page=1&pageSize=10 200 in 461ms (next.js: 6ms, proxy.ts: 5ms, application-code: 450ms)
 GET /api/billing/usage?tenantId=e85fb727-2e74-440c-8f4c-b76d0f31beea 200 in 883ms (next.js: 3ms, proxy.ts: 3ms, application-code: 877ms)
 GET /api/documents?tenantId=e85fb727-2e74-440c-8f4c-b76d0f31beea&page=1&pageSize=10 200 in 219ms (next.js: 5ms, proxy.ts: 7ms, application-code: 208ms)
 GET /api/documents?tenantId=e85fb727-2e74-440c-8f4c-b76d0f31beea&page=1&pageSize=10 200 in 608ms (next.js: 9ms, proxy.ts: 6ms, application-code: 594ms)
 GET /api/billing/usage?tenantId=e85fb727-2e74-440c-8f4c-b76d0f31beea 200 in 1081ms (next.js: 6ms, proxy.ts: 6ms, application-code: 1070ms)
 GET /api/documents?tenantId=e85fb727-2e74-440c-8f4c-b76d0f31beea&page=1&pageSize=10 200 in 238ms (next.js: 10ms, proxy.ts: 5ms, application-code: 223ms)
 GET /api/documents?tenantId=e85fb727-2e74-440c-8f4c-b76d0f31beea&page=1&pageSize=10 200 in 469ms (next.js: 8ms, proxy.ts: 5ms, application-code: 456ms)
 GET /api/billing/usage?tenantId=e85fb727-2e74-440c-8f4c-b76d0f31beea 200 in 785ms (next.js: 4ms, proxy.ts: 3ms, application-code: 779ms)
 GET /api/documents?tenantId=e85fb727-2e74-440c-8f4c-b76d0f31beea&page=1&pageSize=10 200 in 231ms (next.js: 4ms, proxy.ts: 5ms, application-code: 222ms)
 GET /api/documents?tenantId=e85fb727-2e74-440c-8f4c-b76d0f31beea&page=1&pageSize=10 200 in 422ms (next.js: 8ms, proxy.ts: 7ms, application-code: 407ms)
 GET /api/billing/usage?tenantId=e85fb727-2e74-440c-8f4c-b76d0f31beea 200 in 861ms (next.js: 3ms, proxy.ts: 5ms, application-code: 853ms)
 GET /api/documents?tenantId=e85fb727-2e74-440c-8f4c-b76d0f31beea&page=1&pageSize=10 200 in 236ms (next.js: 8ms, proxy.ts: 7ms, application-code: 221ms)
 GET /api/documents?tenantId=e85fb727-2e74-440c-8f4c-b76d0f31beea&page=1&pageSize=10 200 in 441ms (next.js: 5ms, proxy.ts: 6ms, application-code: 430ms)
 GET /api/billing/usage?tenantId=e85fb727-2e74-440c-8f4c-b76d0f31beea 200 in 829ms (next.js: 2ms, proxy.ts: 5ms, application-code: 823ms)
 GET /api/documents?tenantId=e85fb727-2e74-440c-8f4c-b76d0f31beea&page=1&pageSize=10 200 in 233ms (next.js: 3ms, proxy.ts: 4ms, application-code: 226ms)
 GET /api/documents?tenantId=e85fb727-2e74-440c-8f4c-b76d0f31beea&page=1&pageSize=10 200 in 444ms (next.js: 4ms, proxy.ts: 7ms, application-code: 432ms)
 GET /api/billing/usage?tenantId=e85fb727-2e74-440c-8f4c-b76d0f31beea 200 in 863ms (next.js: 4ms, proxy.ts: 5ms, application-code: 854ms)
 GET /api/documents?tenantId=e85fb727-2e74-440c-8f4c-b76d0f31beea&page=1&pageSize=10 200 in 391ms (next.js: 3ms, proxy.ts: 5ms, application-code: 383ms)
 GET /api/documents?tenantId=e85fb727-2e74-440c-8f4c-b76d0f31beea&module=docaudit&page=1&pageSize=20 200 in 228ms (next.js: 3ms, proxy.ts: 6ms, application-code: 219ms)
 GET /api/documents?tenantId=e85fb727-2e74-440c-8f4c-b76d0f31beea&module=leasereader&pageSize=20 200 in 214ms (next.js: 6ms, proxy.ts: 9ms, application-code: 200ms)
 GET /api/reviewsync/locations?tenantId=e85fb727-2e74-440c-8f4c-b76d0f31beea 200 in 567ms (next.js: 8ms, proxy.ts: 7ms, application-code: 551ms)
 GET /api/reviewsync/reviews?tenantId=e85fb727-2e74-440c-8f4c-b76d0f31beea 200 in 574ms (next.js: 12ms, proxy.ts: 8ms, application-code: 553ms)
 GET /api/documents?tenantId=e85fb727-2e74-440c-8f4c-b76d0f31beea&page=1&pageSize=10 200 in 500ms (next.js: 15ms, proxy.ts: 7ms, application-code: 478ms)
 GET /api/billing/usage?tenantId=e85fb727-2e74-440c-8f4c-b76d0f31beea 200 in 609ms (next.js: 6ms, proxy.ts: 8ms, application-code: 596ms)
 GET /api/documents?tenantId=e85fb727-2e74-440c-8f4c-b76d0f31beea&page=1&pageSize=10 200 in 450ms (next.js: 7ms, proxy.ts: 8ms, application-code: 436ms)
 GET /api/billing/usage?tenantId=e85fb727-2e74-440c-8f4c-b76d0f31beea 200 in 879ms (next.js: 6ms, proxy.ts: 7ms, application-code: 866ms)
 GET /api/documents?tenantId=e85fb727-2e74-440c-8f4c-b76d0f31beea&page=1&pageSize=10 200 in 234ms (next.js: 7ms, proxy.ts: 6ms, application-code: 221ms)
 GET /api/api-keys?tenantId=e85fb727-2e74-440c-8f4c-b76d0f31beea 200 in 1451ms (next.js: 669ms, proxy.ts: 4ms, application-code: 779ms)
 GET /api/documents?tenantId=e85fb727-2e74-440c-8f4c-b76d0f31beea&page=1&pageSize=10 200 in 381ms (next.js: 3ms, proxy.ts: 5ms, application-code: 372ms)
 GET /api/billing/usage?tenantId=e85fb727-2e74-440c-8f4c-b76d0f31beea 200 in 854ms (next.js: 7ms, proxy.ts: 9ms, application-code: 838ms)
 POST /api/billing/portal 404 in 3.5s (next.js: 2.7s, proxy.ts: 6ms, application-code: 791ms)
 GET /api/documents?tenantId=e85fb727-2e74-440c-8f4c-b76d0f31beea&page=1&pageSize=10 200 in 228ms (next.js: 8ms, proxy.ts: 6ms, application-code: 214ms)
✓ Finished filesystem cache database compaction in 11.8s
 GET /api/billing/usage?tenantId=e85fb727-2e74-440c-8f4c-b76d0f31beea 200 in 767ms (next.js: 5ms, proxy.ts: 7ms, application-code: 755ms)
 GET /api/documents?tenantId=e85fb727-2e74-440c-8f4c-b76d0f31beea&page=1&pageSize=10 200 in 214ms (next.js: 8ms, proxy.ts: 7ms, application-code: 199ms)
✓ Compiled in 745ms
 GET /api/documents?tenantId=e85fb727-2e74-440c-8f4c-b76d0f31beea&page=1&pageSize=10 200 in 2.1s (next.js: 115ms, proxy.ts: 1007ms, application-code: 994ms)
 GET /dashboard 200 in 1208ms (next.js: 592ms, proxy.ts: 427ms, application-code: 189ms)
 GET /dashboard 200 in 150ms (next.js: 6ms, proxy.ts: 8ms, application-code: 135ms)
 GET /dashboard 200 in 175ms (next.js: 10ms, proxy.ts: 12ms, application-code: 153ms)
 GET /dashboard 200 in 214ms (next.js: 30ms, proxy.ts: 46ms, application-code: 138ms)
 GET /dashboard 200 in 217ms (next.js: 4ms, proxy.ts: 9ms, application-code: 203ms)
 GET /dashboard 200 in 407ms (next.js: 10ms, proxy.ts: 17ms, application-code: 381ms)
 GET /dashboard 200 in 448ms (next.js: 29ms, proxy.ts: 111ms, application-code: 308ms)
 GET /dashboard 200 in 370ms (next.js: 34ms, proxy.ts: 76ms, application-code: 259ms)
 GET /dashboard 200 in 378ms (next.js: 61ms, proxy.ts: 101ms, application-code: 216ms)
 GET /dashboard 200 in 378ms (next.js: 90ms, proxy.ts: 99ms, application-code: 189ms)
 GET /dashboard 200 in 343ms (next.js: 49ms, proxy.ts: 154ms, application-code: 140ms)
 GET /dashboard 200 in 360ms (next.js: 7ms, proxy.ts: 12ms, application-code: 341ms)
 GET /dashboard 200 in 429ms (next.js: 17ms, proxy.ts: 73ms, application-code: 339ms)
 GET /dashboard 200 in 426ms (next.js: 41ms, proxy.ts: 58ms, application-code: 327ms)
 GET /dashboard 200 in 428ms (next.js: 79ms, proxy.ts: 60ms, application-code: 290ms)
 GET /dashboard 200 in 430ms (next.js: 136ms, proxy.ts: 77ms, application-code: 217ms)
 GET /dashboard 200 in 390ms (next.js: 108ms, proxy.ts: 117ms, application-code: 165ms)
 GET /dashboard 200 in 386ms (next.js: 8ms, proxy.ts: 19ms, application-code: 359ms)
 GET /dashboard 200 in 410ms (next.js: 20ms, proxy.ts: 43ms, application-code: 347ms)
 GET /dashboard 200 in 429ms (next.js: 44ms, proxy.ts: 71ms, application-code: 315ms)
 GET /dashboard 200 in 432ms (next.js: 49ms, proxy.ts: 97ms, application-code: 286ms)
 GET /dashboard 200 in 440ms (next.js: 124ms, proxy.ts: 98ms, application-code: 218ms)
 GET /dashboard 200 in 386ms (next.js: 99ms, proxy.ts: 135ms, application-code: 152ms)
 GET /dashboard 200 in 325ms (next.js: 9ms, proxy.ts: 30ms, application-code: 286ms)
 GET /dashboard 200 in 413ms (next.js: 21ms, proxy.ts: 39ms, application-code: 354ms)
 GET /dashboard 200 in 444ms (next.js: 50ms, proxy.ts: 67ms, application-code: 328ms)
 GET /dashboard 200 in 443ms (next.js: 63ms, proxy.ts: 93ms, application-code: 287ms)
 GET /dashboard 200 in 449ms (next.js: 138ms, proxy.ts: 96ms, application-code: 215ms)
 GET /dashboard 200 in 448ms (next.js: 117ms, proxy.ts: 133ms, application-code: 198ms)
 GET /dashboard 200 in 405ms (next.js: 15ms, proxy.ts: 61ms, application-code: 329ms)
 GET /dashboard 200 in 469ms (next.js: 17ms, proxy.ts: 76ms, application-code: 376ms)
 GET /dashboard 200 in 453ms (next.js: 45ms, proxy.ts: 77ms, application-code: 331ms)
 GET /dashboard 200 in 452ms (next.js: 100ms, proxy.ts: 81ms, application-code: 271ms)
 GET /dashboard 200 in 419ms (next.js: 165ms, proxy.ts: 50ms, application-code: 203ms)
 GET /dashboard 200 in 390ms (next.js: 100ms, proxy.ts: 139ms, application-code: 152ms)
 GET /dashboard 200 in 356ms (next.js: 7ms, proxy.ts: 71ms, application-code: 278ms)
 GET /dashboard 200 in 505ms (next.js: 16ms, proxy.ts: 34ms, application-code: 455ms)
 GET /dashboard 200 in 556ms (next.js: 41ms, proxy.ts: 51ms, application-code: 464ms)
 GET /dashboard 200 in 558ms (next.js: 89ms, proxy.ts: 74ms, application-code: 396ms)
 GET /dashboard 200 in 528ms (next.js: 138ms, proxy.ts: 88ms, application-code: 302ms)
 GET /dashboard 200 in 533ms (next.js: 176ms, proxy.ts: 89ms, application-code: 269ms)
 GET /dashboard 200 in 432ms (next.js: 15ms, proxy.ts: 159ms, application-code: 257ms)
 GET /dashboard 200 in 411ms (next.js: 12ms, proxy.ts: 86ms, application-code: 313ms)
 GET /dashboard 200 in 412ms (next.js: 39ms, proxy.ts: 53ms, application-code: 320ms)
 GET /dashboard 200 in 415ms (next.js: 65ms, proxy.ts: 78ms, application-code: 272ms)
 GET /dashboard 200 in 377ms (next.js: 82ms, proxy.ts: 68ms, application-code: 227ms)
 GET /dashboard 200 in 397ms (next.js: 119ms, proxy.ts: 62ms, application-code: 216ms)
 GET /dashboard 200 in 403ms (next.js: 13ms, proxy.ts: 84ms, application-code: 306ms)
 GET /dashboard 200 in 434ms (next.js: 16ms, proxy.ts: 52ms, application-code: 366ms)
 GET /dashboard 200 in 458ms (next.js: 27ms, proxy.ts: 84ms, application-code: 346ms)
 GET /dashboard 200 in 460ms (next.js: 86ms, proxy.ts: 92ms, application-code: 282ms)
 GET /dashboard 200 in 394ms (next.js: 109ms, proxy.ts: 61ms, application-code: 225ms)
 GET /dashboard 200 in 432ms (next.js: 132ms, proxy.ts: 83ms, application-code: 217ms)
 GET /dashboard 200 in 397ms (next.js: 13ms, proxy.ts: 87ms, application-code: 298ms)
 GET /dashboard 200 in 450ms (next.js: 21ms, proxy.ts: 81ms, application-code: 348ms)
 GET /dashboard 200 in 447ms (next.js: 40ms, proxy.ts: 85ms, application-code: 322ms)
 GET /dashboard 200 in 445ms (next.js: 70ms, proxy.ts: 104ms, application-code: 270ms)
 GET /dashboard 200 in 377ms (next.js: 86ms, proxy.ts: 74ms, application-code: 217ms)
 GET /dashboard 200 in 422ms (next.js: 81ms, proxy.ts: 110ms, application-code: 231ms)
 GET /dashboard 200 in 345ms (next.js: 14ms, proxy.ts: 85ms, application-code: 246ms)
 GET /dashboard 200 in 457ms (next.js: 18ms, proxy.ts: 77ms, application-code: 361ms)
 GET /dashboard 200 in 455ms (next.js: 17ms, proxy.ts: 87ms, application-code: 350ms)
 GET /dashboard 200 in 418ms (next.js: 79ms, proxy.ts: 51ms, application-code: 288ms)
 GET /dashboard 200 in 430ms (next.js: 103ms, proxy.ts: 65ms, application-code: 262ms)
 GET /dashboard 200 in 443ms (next.js: 83ms, proxy.ts: 129ms, application-code: 231ms)
 GET /dashboard 200 in 377ms (next.js: 30ms, proxy.ts: 129ms, application-code: 219ms)
 GET /dashboard 200 in 430ms (next.js: 14ms, proxy.ts: 58ms, application-code: 358ms)
 GET /dashboard 200 in 464ms (next.js: 19ms, proxy.ts: 79ms, application-code: 366ms)
 GET /dashboard 200 in 423ms (next.js: 76ms, proxy.ts: 42ms, application-code: 306ms)
 GET /dashboard 200 in 477ms (next.js: 67ms, proxy.ts: 82ms, application-code: 329ms)
 GET /dashboard 200 in 482ms (next.js: 82ms, proxy.ts: 113ms, application-code: 287ms)
 GET /dashboard 200 in 468ms (next.js: 32ms, proxy.ts: 144ms, application-code: 292ms)
 GET /dashboard 200 in 465ms (next.js: 13ms, proxy.ts: 75ms, application-code: 377ms)
 GET /dashboard 200 in 469ms (next.js: 18ms, proxy.ts: 99ms, application-code: 352ms)
 GET /dashboard 200 in 410ms (next.js: 58ms, proxy.ts: 43ms, application-code: 310ms)
 GET /dashboard 200 in 436ms (next.js: 45ms, proxy.ts: 111ms, application-code: 280ms)
 GET /dashboard 200 in 442ms (next.js: 72ms, proxy.ts: 142ms, application-code: 227ms)
 GET /dashboard 200 in 432ms (next.js: 12ms, proxy.ts: 130ms, application-code: 290ms)
 GET /dashboard 200 in 419ms (next.js: 18ms, proxy.ts: 77ms, application-code: 324ms)
 GET /dashboard 200 in 445ms (next.js: 18ms, proxy.ts: 75ms, application-code: 351ms)
 GET /dashboard 200 in 411ms (next.js: 54ms, proxy.ts: 40ms, application-code: 317ms)
 GET /dashboard 200 in 463ms (next.js: 39ms, proxy.ts: 108ms, application-code: 316ms)
 GET /dashboard 200 in 466ms (next.js: 81ms, proxy.ts: 132ms, application-code: 253ms)
 GET /dashboard 200 in 448ms (next.js: 15ms, proxy.ts: 140ms, application-code: 293ms)
 GET /dashboard 200 in 361ms (next.js: 40ms, proxy.ts: 56ms, application-code: 265ms)
 GET /dashboard 200 in 437ms (next.js: 17ms, proxy.ts: 92ms, application-code: 327ms)
 GET /dashboard 200 in 422ms (next.js: 62ms, proxy.ts: 57ms, application-code: 303ms)
 GET /dashboard 200 in 455ms (next.js: 11ms, proxy.ts: 120ms, application-code: 324ms)
 GET /dashboard 200 in 424ms (next.js: 70ms, proxy.ts: 88ms, application-code: 266ms)
 GET /dashboard 200 in 423ms (next.js: 17ms, proxy.ts: 152ms, application-code: 255ms)
 GET /dashboard 200 in 315ms (next.js: 80ms, proxy.ts: 17ms, application-code: 219ms)
 GET /dashboard 200 in 239ms (next.js: 15ms, proxy.ts: 86ms, application-code: 138ms)
 GET /api/documents?tenantId=e85fb727-2e74-440c-8f4c-b76d0f31beea&module=docaudit&page=1&pageSize=20 200 in 517ms (next.js: 39ms, proxy.ts: 40ms, application-code: 439ms)
 GET /api/documents?tenantId=e85fb727-2e74-440c-8f4c-b76d0f31beea&module=docaudit&page=1&pageSize=20 200 in 498ms (next.js: 7ms, proxy.ts: 6ms, application-code: 485ms)
 GET /api/documents?tenantId=e85fb727-2e74-440c-8f4c-b76d0f31beea&module=leasereader&pageSize=20 200 in 424ms (next.js: 6ms, proxy.ts: 6ms, application-code: 412ms)
 GET /api/reviewsync/locations?tenantId=e85fb727-2e74-440c-8f4c-b76d0f31beea 200 in 756ms (next.js: 42ms, proxy.ts: 7ms, application-code: 708ms)
 GET /api/reviewsync/reviews?tenantId=e85fb727-2e74-440c-8f4c-b76d0f31beea 200 in 894ms (next.js: 81ms, proxy.ts: 7ms, application-code: 807ms)
 GET /api/documents?tenantId=e85fb727-2e74-440c-8f4c-b76d0f31beea&page=1&pageSize=10 200 in 348ms (next.js: 3ms, proxy.ts: 3ms, application-code: 342ms)
 GET /api/billing/usage?tenantId=e85fb727-2e74-440c-8f4c-b76d0f31beea 200 in 882ms (next.js: 44ms, proxy.ts: 8ms, application-code: 831ms)
 GET /api/documents?tenantId=e85fb727-2e74-440c-8f4c-b76d0f31beea&page=1&pageSize=10 200 in 443ms (next.js: 3ms, proxy.ts: 7ms, application-code: 433ms)
 GET /api/billing/usage?tenantId=e85fb727-2e74-440c-8f4c-b76d0f31beea 200 in 825ms (next.js: 4ms, proxy.ts: 6ms, application-code: 815ms)
 GET /api/documents?tenantId=e85fb727-2e74-440c-8f4c-b76d0f31beea&page=1&pageSize=10 200 in 238ms (next.js: 4ms, proxy.ts: 6ms, application-code: 228ms)
 GET /api/documents?tenantId=e85fb727-2e74-440c-8f4c-b76d0f31beea&page=1&pageSize=10 200 in 452ms (next.js: 4ms, proxy.ts: 6ms, application-code: 442ms)
 GET /api/billing/usage?tenantId=e85fb727-2e74-440c-8f4c-b76d0f31beea 200 in 833ms (next.js: 7ms, proxy.ts: 6ms, application-code: 820ms)
 GET /api/documents?tenantId=e85fb727-2e74-440c-8f4c-b76d0f31beea&page=1&pageSize=10 200 in 226ms (next.js: 3ms, proxy.ts: 4ms, application-code: 219ms)
 GET /api/documents?tenantId=e85fb727-2e74-440c-8f4c-b76d0f31beea&page=1&pageSize=10 200 in 425ms (next.js: 4ms, proxy.ts: 4ms, application-code: 417ms)
 GET /api/billing/usage?tenantId=e85fb727-2e74-440c-8f4c-b76d0f31beea 200 in 787ms (next.js: 7ms, proxy.ts: 6ms, application-code: 774ms)
 GET /api/documents?tenantId=e85fb727-2e74-440c-8f4c-b76d0f31beea&page=1&pageSize=10 200 in 207ms (next.js: 5ms, proxy.ts: 5ms, application-code: 197ms)
 GET /api/documents?tenantId=e85fb727-2e74-440c-8f4c-b76d0f31beea&page=1&pageSize=10 200 in 439ms (next.js: 4ms, proxy.ts: 3ms, application-code: 432ms)
 GET /api/billing/usage?tenantId=e85fb727-2e74-440c-8f4c-b76d0f31beea 200 in 783ms (next.js: 5ms, proxy.ts: 6ms, application-code: 773ms)
 GET /api/documents?tenantId=e85fb727-2e74-440c-8f4c-b76d0f31beea&page=1&pageSize=10 200 in 270ms (next.js: 5ms, proxy.ts: 5ms, application-code: 259ms)
 GET /api/documents?tenantId=e85fb727-2e74-440c-8f4c-b76d0f31beea&page=1&pageSize=10 200 in 386ms (next.js: 4ms, proxy.ts: 4ms, application-code: 379ms)
 GET /api/billing/usage?tenantId=e85fb727-2e74-440c-8f4c-b76d0f31beea 200 in 837ms (next.js: 7ms, proxy.ts: 6ms, application-code: 824ms)
 GET /api/documents?tenantId=e85fb727-2e74-440c-8f4c-b76d0f31beea&page=1&pageSize=10 200 in 384ms (next.js: 3ms, proxy.ts: 6ms, application-code: 374ms)
○ Compiling /admin ...
 GET /api/documents?tenantId=e85fb727-2e74-440c-8f4c-b76d0f31beea&page=1&pageSize=10 200 in 470ms (next.js: 6ms, proxy.ts: 5ms, application-code: 459ms)
 GET /api/billing/usage?tenantId=e85fb727-2e74-440c-8f4c-b76d0f31beea 200 in 886ms (next.js: 4ms, proxy.ts: 7ms, application-code: 874ms)
 GET /admin 307 in 81ms (next.js: 4ms, proxy.ts: 5ms, application-code: 72ms)
 GET /api/documents?tenantId=e85fb727-2e74-440c-8f4c-b76d0f31beea&page=1&pageSize=10 200 in 465ms (next.js: 3ms, proxy.ts: 6ms, application-code: 456ms)
 GET /api/documents?tenantId=e85fb727-2e74-440c-8f4c-b76d0f31beea&page=1&pageSize=10 200 in 416ms (next.js: 3ms, proxy.ts: 4ms, application-code: 409ms)
 GET /api/billing/usage?tenantId=e85fb727-2e74-440c-8f4c-b76d0f31beea 200 in 867ms (next.js: 4ms, proxy.ts: 4ms, application-code: 858ms)
 GET /api/documents?tenantId=e85fb727-2e74-440c-8f4c-b76d0f31beea&page=1&pageSize=10 200 in 457ms (next.js: 4ms, proxy.ts: 9ms, application-code: 444ms)
 GET /api/documents?tenantId=e85fb727-2e74-440c-8f4c-b76d0f31beea&page=1&pageSize=10 200 in 425ms (next.js: 4ms, proxy.ts: 6ms, application-code: 415ms)
 GET /api/billing/usage?tenantId=e85fb727-2e74-440c-8f4c-b76d0f31beea 200 in 811ms (next.js: 8ms, proxy.ts: 5ms, application-code: 797ms)
 GET /api/documents?tenantId=e85fb727-2e74-440c-8f4c-b76d0f31beea&page=1&pageSize=10 200 in 445ms (next.js: 3ms, proxy.ts: 5ms, application-code: 437ms)
 GET /api/documents?tenantId=e85fb727-2e74-440c-8f4c-b76d0f31beea&page=1&pageSize=10 200 in 472ms (next.js: 3ms, proxy.ts: 5ms, application-code: 464ms)
 GET /api/billing/usage?tenantId=e85fb727-2e74-440c-8f4c-b76d0f31beea 200 in 802ms (next.js: 8ms, proxy.ts: 5ms, application-code: 788ms)
 GET /api/documents?tenantId=e85fb727-2e74-440c-8f4c-b76d0f31beea&page=1&pageSize=10 200 in 384ms (next.js: 2ms, proxy.ts: 5ms, application-code: 376ms)
 GET /api/documents?tenantId=e85fb727-2e74-440c-8f4c-b76d0f31beea&page=1&pageSize=10 200 in 408ms (next.js: 4ms, proxy.ts: 6ms, application-code: 397ms)
 GET /api/billing/usage?tenantId=e85fb727-2e74-440c-8f4c-b76d0f31beea 200 in 588ms (next.js: 5ms, proxy.ts: 5ms, application-code: 578ms)
 GET /admin 200 in 1250ms (next.js: 4ms, proxy.ts: 5ms, application-code: 1241ms)
 GET /api/documents?tenantId=e85fb727-2e74-440c-8f4c-b76d0f31beea&page=1&pageSize=10 200 in 443ms (next.js: 3ms, proxy.ts: 5ms, application-code: 435ms)
✓ Finished filesystem cache database compaction in 12.1s
 GET /api/documents?tenantId=e85fb727-2e74-440c-8f4c-b76d0f31beea&page=1&pageSize=10 200 in 657ms (next.js: 5ms, proxy.ts: 3ms, application-code: 649ms)
 GET /api/billing/usage?tenantId=e85fb727-2e74-440c-8f4c-b76d0f31beea 200 in 604ms (next.js: 9ms, proxy.ts: 5ms, application-code: 590ms)
 GET /api/documents?tenantId=e85fb727-2e74-440c-8f4c-b76d0f31beea&page=1&pageSize=10 200 in 431ms (next.js: 4ms, proxy.ts: 8ms, application-code: 419ms)
 GET /api/documents?tenantId=e85fb727-2e74-440c-8f4c-b76d0f31beea&page=1&pageSize=10 200 in 478ms (next.js: 5ms, proxy.ts: 6ms, application-code: 467ms)
 GET /api/billing/usage?tenantId=e85fb727-2e74-440c-8f4c-b76d0f31beea 200 in 659ms (next.js: 8ms, proxy.ts: 8ms, application-code: 644ms)
 GET /api/documents?tenantId=e85fb727-2e74-440c-8f4c-b76d0f31beea&page=1&pageSize=10 200 in 463ms (next.js: 3ms, proxy.ts: 7ms, application-code: 453ms)
 GET /api/documents?tenantId=e85fb727-2e74-440c-8f4c-b76d0f31beea&page=1&pageSize=10 200 in 458ms (next.js: 5ms, proxy.ts: 9ms, application-code: 444ms)
 GET /api/billing/usage?tenantId=e85fb727-2e74-440c-8f4c-b76d0f31beea 200 in 631ms (next.js: 3ms, proxy.ts: 14ms, application-code: 614ms)
 GET /api/documents?tenantId=e85fb727-2e74-440c-8f4c-b76d0f31beea&page=1&pageSize=10 200 in 419ms (next.js: 3ms, proxy.ts: 10ms, application-code: 406ms)
 GET /api/billing/usage?tenantId=e85fb727-2e74-440c-8f4c-b76d0f31beea 200 in 834ms (next.js: 4ms, proxy.ts: 12ms, application-code: 818ms)
 GET /api/documents?tenantId=e85fb727-2e74-440c-8f4c-b76d0f31beea&page=1&pageSize=10 200 in 226ms (next.js: 3ms, proxy.ts: 5ms, application-code: 218ms)
 GET /api/documents?tenantId=e85fb727-2e74-440c-8f4c-b76d0f31beea&page=1&pageSize=10 200 in 446ms (next.js: 4ms, proxy.ts: 3ms, application-code: 439ms)
 GET /api/billing/usage?tenantId=e85fb727-2e74-440c-8f4c-b76d0f31beea 200 in 840ms (next.js: 3ms, proxy.ts: 6ms, application-code: 831ms)
 GET /api/documents?tenantId=e85fb727-2e74-440c-8f4c-b76d0f31beea&page=1&pageSize=10 200 in 219ms (next.js: 2ms, proxy.ts: 3ms, application-code: 214ms)
 GET /api/documents?tenantId=e85fb727-2e74-440c-8f4c-b76d0f31beea&page=1&pageSize=10 200 in 413ms (next.js: 3ms, proxy.ts: 7ms, application-code: 402ms)
 GET /api/billing/usage?tenantId=e85fb727-2e74-440c-8f4c-b76d0f31beea 200 in 881ms (next.js: 3ms, proxy.ts: 4ms, application-code: 874ms)
 GET /api/documents?tenantId=e85fb727-2e74-440c-8f4c-b76d0f31beea&page=1&pageSize=10 200 in 230ms (next.js: 2ms, proxy.ts: 6ms, application-code: 222ms)
 GET /api/documents?tenantId=e85fb727-2e74-440c-8f4c-b76d0f31beea&page=1&pageSize=10 200 in 458ms (next.js: 3ms, proxy.ts: 6ms, application-code: 449ms)
 GET /api/billing/usage?tenantId=e85fb727-2e74-440c-8f4c-b76d0f31beea 200 in 860ms (next.js: 5ms, proxy.ts: 5ms, application-code: 850ms)
 GET /api/documents?tenantId=e85fb727-2e74-440c-8f4c-b76d0f31beea&page=1&pageSize=10 200 in 364ms (next.js: 25ms, proxy.ts: 8ms, application-code: 330ms)
 GET /api/documents?tenantId=e85fb727-2e74-440c-8f4c-b76d0f31beea&page=1&pageSize=10 200 in 667ms (next.js: 4ms, proxy.ts: 6ms, application-code: 656ms)
 GET /api/billing/usage?tenantId=e85fb727-2e74-440c-8f4c-b76d0f31beea 200 in 798ms (next.js: 8ms, proxy.ts: 14ms, application-code: 777ms)
 GET /api/documents?tenantId=e85fb727-2e74-440c-8f4c-b76d0f31beea&page=1&pageSize=10 200 in 232ms (next.js: 5ms, proxy.ts: 5ms, application-code: 223ms)
 GET /api/documents?tenantId=e85fb727-2e74-440c-8f4c-b76d0f31beea&page=1&pageSize=10 200 in 475ms (next.js: 5ms, proxy.ts: 11ms, application-code: 459ms)
 GET /api/billing/usage?tenantId=e85fb727-2e74-440c-8f4c-b76d0f31beea 200 in 839ms (next.js: 5ms, proxy.ts: 6ms, application-code: 828ms)
 GET /api/documents?tenantId=e85fb727-2e74-440c-8f4c-b76d0f31beea&page=1&pageSize=10 200 in 228ms (next.js: 3ms, proxy.ts: 4ms, application-code: 220ms)
✓ Compiled in 233ms
 GET /api/documents?tenantId=e85fb727-2e74-440c-8f4c-b76d0f31beea&page=1&pageSize=10 200 in 387ms (next.js: 5ms, proxy.ts: 4ms, application-code: 378ms)
✓ Compiled in 118ms
 GET /dashboard 200 in 884ms (next.js: 112ms, proxy.ts: 563ms, application-code: 209ms)
 GET /admin 200 in 782ms (next.js: 136ms, proxy.ts: 7ms, application-code: 639ms)
 GET /dashboard 200 in 278ms (next.js: 47ms, proxy.ts: 17ms, application-code: 214ms)
 GET /admin 200 in 572ms (next.js: 5ms, proxy.ts: 15ms, application-code: 553ms)
 GET /admin 200 in 579ms (next.js: 5ms, proxy.ts: 15ms, application-code: 559ms)
 GET /admin 200 in 477ms (next.js: 27ms, proxy.ts: 6ms, application-code: 444ms)
 GET /dashboard 200 in 399ms (next.js: 133ms, proxy.ts: 87ms, application-code: 179ms)
 GET /dashboard 200 in 266ms (next.js: 11ms, proxy.ts: 11ms, application-code: 243ms)
 GET /admin 200 in 579ms (next.js: 53ms, proxy.ts: 12ms, application-code: 514ms)
 GET /dashboard 200 in 232ms (next.js: 11ms, proxy.ts: 48ms, application-code: 174ms)
 GET /dashboard 200 in 200ms (next.js: 77ms, proxy.ts: 20ms, application-code: 103ms)
 GET /admin 200 in 609ms (next.js: 17ms, proxy.ts: 12ms, application-code: 579ms)
 GET /api/billing/usage?tenantId=e85fb727-2e74-440c-8f4c-b76d0f31beea 200 in 763ms (next.js: 81ms, proxy.ts: 4ms, application-code: 678ms)
 GET /api/documents?tenantId=e85fb727-2e74-440c-8f4c-b76d0f31beea&page=1&pageSize=10 200 in 423ms (next.js: 30ms, proxy.ts: 7ms, application-code: 386ms)
✓ Compiled in 150ms
 GET /dashboard 200 in 755ms (next.js: 111ms, proxy.ts: 518ms, application-code: 125ms)
 GET /admin 200 in 756ms (next.js: 103ms, proxy.ts: 103ms, application-code: 550ms)
 GET /api/documents?tenantId=e85fb727-2e74-440c-8f4c-b76d0f31beea&page=1&pageSize=10 200 in 605ms (next.js: 72ms, proxy.ts: 9ms, application-code: 525ms)
 GET /api/billing/usage?tenantId=e85fb727-2e74-440c-8f4c-b76d0f31beea 200 in 844ms (next.js: 33ms, proxy.ts: 4ms, application-code: 807ms)
 GET /api/documents?tenantId=e85fb727-2e74-440c-8f4c-b76d0f31beea&page=1&pageSize=10 200 in 475ms (next.js: 4ms, proxy.ts: 23ms, application-code: 449ms)
 GET /api/documents?tenantId=e85fb727-2e74-440c-8f4c-b76d0f31beea&page=1&pageSize=10 200 in 446ms (next.js: 8ms, proxy.ts: 8ms, application-code: 429ms)
✓ Compiled in 155ms
 GET /dashboard 200 in 1187ms (next.js: 363ms, proxy.ts: 657ms, application-code: 167ms)
 GET /admin 200 in 876ms (next.js: 126ms, proxy.ts: 6ms, application-code: 744ms)
 GET /api/documents?tenantId=e85fb727-2e74-440c-8f4c-b76d0f31beea&page=1&pageSize=10 200 in 890ms (next.js: 216ms, proxy.ts: 53ms, application-code: 622ms)
 GET /api/billing/entitlements?tenantId=e85fb727-2e74-440c-8f4c-b76d0f31beea 200 in 986ms (next.js: 99ms, proxy.ts: 48ms, application-code: 839ms)
 GET /api/billing/usage?tenantId=e85fb727-2e74-440c-8f4c-b76d0f31beea 200 in 1260ms (next.js: 180ms, proxy.ts: 50ms, application-code: 1029ms)
 GET /api/dashboard/overview?tenantId=e85fb727-2e74-440c-8f4c-b76d0f31beea 200 in 1284ms (next.js: 141ms, proxy.ts: 50ms, application-code: 1093ms)
✓ Compiled in 142ms
 GET /dashboard 200 in 883ms (next.js: 130ms, proxy.ts: 622ms, application-code: 132ms)
 GET /admin 200 in 874ms (next.js: 153ms, proxy.ts: 150ms, application-code: 570ms)
 GET /api/documents?tenantId=e85fb727-2e74-440c-8f4c-b76d0f31beea&page=1&pageSize=10 200 in 1190ms (next.js: 104ms, proxy.ts: 86ms, application-code: 1001ms)
 GET /api/billing/usage?tenantId=e85fb727-2e74-440c-8f4c-b76d0f31beea 200 in 860ms (next.js: 40ms, proxy.ts: 6ms, application-code: 814ms)
✓ Compiled in 143ms
 GET /api/documents?tenantId=e85fb727-2e74-440c-8f4c-b76d0f31beea&page=1&pageSize=10 200 in 224ms (next.js: 3ms, proxy.ts: 5ms, application-code: 216ms)
 GET /dashboard 200 in 724ms (next.js: 197ms, proxy.ts: 204ms, application-code: 324ms)
 GET /admin 200 in 386ms (next.js: 99ms, proxy.ts: 11ms, application-code: 277ms)
 GET /api/documents?tenantId=e85fb727-2e74-440c-8f4c-b76d0f31beea&page=1&pageSize=10 200 in 678ms (next.js: 99ms, proxy.ts: 11ms, application-code: 567ms)
 GET /api/billing/usage?tenantId=e85fb727-2e74-440c-8f4c-b76d0f31beea 200 in 886ms (next.js: 32ms, proxy.ts: 7ms, application-code: 848ms)
✓ Compiled in 149ms
 GET /dashboard 200 in 609ms (next.js: 155ms, proxy.ts: 362ms, application-code: 92ms)
 GET /admin 200 in 877ms (next.js: 114ms, proxy.ts: 99ms, application-code: 664ms)
 GET /api/documents?tenantId=e85fb727-2e74-440c-8f4c-b76d0f31beea&page=1&pageSize=10 200 in 380ms (next.js: 74ms, proxy.ts: 5ms, application-code: 301ms)
 GET /api/documents?tenantId=e85fb727-2e74-440c-8f4c-b76d0f31beea&page=1&pageSize=10 200 in 405ms (next.js: 3ms, proxy.ts: 4ms, application-code: 398ms)
 GET /api/billing/usage?tenantId=e85fb727-2e74-440c-8f4c-b76d0f31beea 200 in 825ms (next.js: 45ms, proxy.ts: 5ms, application-code: 775ms)
 GET /api/documents?tenantId=e85fb727-2e74-440c-8f4c-b76d0f31beea&page=1&pageSize=10 200 in 478ms (next.js: 6ms, proxy.ts: 18ms, application-code: 454ms)
✓ Compiled in 140ms
 GET /dashboard 200 in 776ms (next.js: 118ms, proxy.ts: 530ms, application-code: 128ms)
 GET /admin 200 in 778ms (next.js: 114ms, proxy.ts: 105ms, application-code: 559ms)
 GET /api/documents?tenantId=e85fb727-2e74-440c-8f4c-b76d0f31beea&page=1&pageSize=10 200 in 618ms (next.js: 74ms, proxy.ts: 6ms, application-code: 538ms)
✓ Compiled in 156ms
 GET /dashboard 200 in 917ms (next.js: 120ms, proxy.ts: 675ms, application-code: 122ms)
 GET /admin 200 in 1052ms (next.js: 200ms, proxy.ts: 118ms, application-code: 734ms)
 GET /api/billing/usage?tenantId=e85fb727-2e74-440c-8f4c-b76d0f31beea 200 in 1411ms (next.js: 75ms, proxy.ts: 300ms, application-code: 1036ms)
 GET /api/documents?tenantId=e85fb727-2e74-440c-8f4c-b76d0f31beea&page=1&pageSize=10 200 in 501ms (next.js: 30ms, proxy.ts: 7ms, application-code: 464ms)
 GET /api/documents?tenantId=e85fb727-2e74-440c-8f4c-b76d0f31beea&page=1&pageSize=10 200 in 485ms (next.js: 3ms, proxy.ts: 5ms, application-code: 477ms)
 GET /api/billing/usage?tenantId=e85fb727-2e74-440c-8f4c-b76d0f31beea 200 in 827ms (next.js: 3ms, proxy.ts: 5ms, application-code: 819ms)
 GET /api/documents?tenantId=e85fb727-2e74-440c-8f4c-b76d0f31beea&page=1&pageSize=10 200 in 472ms (next.js: 3ms, proxy.ts: 6ms, application-code: 463ms)
 GET /api/documents?tenantId=e85fb727-2e74-440c-8f4c-b76d0f31beea&page=1&pageSize=10 200 in 445ms (next.js: 3ms, proxy.ts: 4ms, application-code: 438ms)
✓ Compiled in 140ms
 GET /dashboard 200 in 749ms (next.js: 230ms, proxy.ts: 390ms, application-code: 129ms)
 GET /admin 200 in 1065ms (next.js: 128ms, proxy.ts: 116ms, application-code: 820ms)
 GET /api/billing/usage?tenantId=e85fb727-2e74-440c-8f4c-b76d0f31beea 200 in 979ms (next.js: 88ms, proxy.ts: 7ms, application-code: 884ms)
 GET /api/documents?tenantId=e85fb727-2e74-440c-8f4c-b76d0f31beea&page=1&pageSize=10 200 in 474ms (next.js: 32ms, proxy.ts: 5ms, application-code: 438ms)
 GET /admin 200 in 833ms (next.js: 6ms, proxy.ts: 14ms, application-code: 813ms)
 GET /dashboard 200 in 1046ms (next.js: 316ms, proxy.ts: 15ms, application-code: 714ms)
 GET /admin 200 in 817ms (next.js: 116ms, proxy.ts: 139ms, application-code: 562ms)
 GET /admin 200 in 565ms (next.js: 10ms, proxy.ts: 26ms, application-code: 530ms)
 GET /dashboard 200 in 686ms (next.js: 26ms, proxy.ts: 418ms, application-code: 243ms)
 GET /admin 200 in 476ms (next.js: 8ms, proxy.ts: 21ms, application-code: 448ms)
 GET /dashboard 200 in 324ms (next.js: 7ms, proxy.ts: 53ms, application-code: 264ms)
 GET /admin 200 in 609ms (next.js: 75ms, proxy.ts: 9ms, application-code: 525ms)
 GET /dashboard 200 in 203ms (next.js: 11ms, proxy.ts: 48ms, application-code: 144ms)
 GET /dashboard 200 in 192ms (next.js: 74ms, proxy.ts: 35ms, application-code: 83ms)
 GET /api/documents?tenantId=e85fb727-2e74-440c-8f4c-b76d0f31beea&page=1&pageSize=10 200 in 636ms (next.js: 86ms, proxy.ts: 7ms, application-code: 543ms)
 GET /dashboard 200 in 956ms (next.js: 21ms, proxy.ts: 554ms, application-code: 382ms)
 GET /admin 200 in 1173ms (next.js: 151ms, proxy.ts: 98ms, application-code: 924ms)
 GET /admin 200 in 639ms (next.js: 11ms, proxy.ts: 9ms, application-code: 619ms)
 GET /dashboard 200 in 379ms (next.js: 63ms, proxy.ts: 51ms, application-code: 265ms)
 GET /dashboard 200 in 228ms (next.js: 7ms, proxy.ts: 47ms, application-code: 174ms)
 GET /admin 200 in 470ms (next.js: 75ms, proxy.ts: 58ms, application-code: 336ms)
 GET /dashboard 200 in 112ms (next.js: 32ms, proxy.ts: 12ms, application-code: 67ms)
 GET /admin 200 in 621ms (next.js: 84ms, proxy.ts: 76ms, application-code: 461ms)
 GET /api/billing/usage?tenantId=e85fb727-2e74-440c-8f4c-b76d0f31beea 200 in 1048ms (next.js: 167ms, proxy.ts: 12ms, application-code: 869ms)
 GET /api/documents?tenantId=e85fb727-2e74-440c-8f4c-b76d0f31beea&page=1&pageSize=10 200 in 493ms (next.js: 55ms, proxy.ts: 6ms, application-code: 432ms)
✓ Compiled in 150ms
 GET /dashboard 200 in 610ms (next.js: 140ms, proxy.ts: 366ms, application-code: 104ms)
 GET /admin 200 in 881ms (next.js: 132ms, proxy.ts: 109ms, application-code: 640ms)
 GET /api/documents?tenantId=e85fb727-2e74-440c-8f4c-b76d0f31beea&page=1&pageSize=10 200 in 584ms (next.js: 92ms, proxy.ts: 5ms, application-code: 487ms)
 GET /api/billing/usage?tenantId=e85fb727-2e74-440c-8f4c-b76d0f31beea 200 in 654ms (next.js: 40ms, proxy.ts: 4ms, application-code: 610ms)
 GET /api/documents?tenantId=e85fb727-2e74-440c-8f4c-b76d0f31beea&page=1&pageSize=10 200 in 413ms (next.js: 4ms, proxy.ts: 12ms, application-code: 397ms)
 GET /api/documents?tenantId=e85fb727-2e74-440c-8f4c-b76d0f31beea&page=1&pageSize=10 200 in 402ms (next.js: 4ms, proxy.ts: 8ms, application-code: 391ms)
 GET /api/billing/usage?tenantId=e85fb727-2e74-440c-8f4c-b76d0f31beea 200 in 604ms (next.js: 12ms, proxy.ts: 10ms, application-code: 582ms)
✓ Compiled in 170ms
 GET /dashboard 200 in 899ms (next.js: 138ms, proxy.ts: 355ms, application-code: 406ms)
 GET /admin 200 in 1173ms (next.js: 112ms, proxy.ts: 96ms, application-code: 965ms)
 GET /api/billing/entitlements?tenantId=e85fb727-2e74-440c-8f4c-b76d0f31beea 200 in 919ms (next.js: 367ms, proxy.ts: 16ms, application-code: 537ms)
 GET /api/documents?tenantId=e85fb727-2e74-440c-8f4c-b76d0f31beea&page=1&pageSize=10 200 in 966ms (next.js: 298ms, proxy.ts: 211ms, application-code: 457ms)
 GET /api/dashboard/overview?tenantId=e85fb727-2e74-440c-8f4c-b76d0f31beea 200 in 1324ms (next.js: 406ms, proxy.ts: 16ms, application-code: 902ms)
 GET /api/billing/usage?tenantId=e85fb727-2e74-440c-8f4c-b76d0f31beea 200 in 1503ms (next.js: 264ms, proxy.ts: 212ms, application-code: 1027ms)
 GET /api/documents?tenantId=e85fb727-2e74-440c-8f4c-b76d0f31beea&page=1&pageSize=10 200 in 428ms (next.js: 3ms, proxy.ts: 6ms, application-code: 418ms)
 GET /api/billing/usage?tenantId=e85fb727-2e74-440c-8f4c-b76d0f31beea 200 in 839ms (next.js: 5ms, proxy.ts: 5ms, application-code: 829ms)
 GET /api/documents?tenantId=e85fb727-2e74-440c-8f4c-b76d0f31beea&page=1&pageSize=10 200 in 237ms (next.js: 4ms, proxy.ts: 4ms, application-code: 229ms)
 GET /api/documents?tenantId=e85fb727-2e74-440c-8f4c-b76d0f31beea&page=1&pageSize=10 200 in 398ms (next.js: 5ms, proxy.ts: 4ms, application-code: 389ms)
✓ Compiled in 221ms
 GET /api/billing/usage?tenantId=e85fb727-2e74-440c-8f4c-b76d0f31beea 200 in 862ms (next.js: 3ms, proxy.ts: 5ms, application-code: 854ms)
 GET /api/documents?tenantId=e85fb727-2e74-440c-8f4c-b76d0f31beea&page=1&pageSize=10 200 in 234ms (next.js: 5ms, proxy.ts: 6ms, application-code: 223ms)
 GET /api/documents?tenantId=e85fb727-2e74-440c-8f4c-b76d0f31beea&page=1&pageSize=10 200 in 450ms (next.js: 6ms, proxy.ts: 5ms, application-code: 439ms)
 GET /api/billing/usage?tenantId=e85fb727-2e74-440c-8f4c-b76d0f31beea 200 in 788ms (next.js: 4ms, proxy.ts: 4ms, application-code: 779ms)
 GET /api/documents?tenantId=e85fb727-2e74-440c-8f4c-b76d0f31beea&page=1&pageSize=10 200 in 236ms (next.js: 3ms, proxy.ts: 5ms, application-code: 227ms)
✓ Compiled in 92ms
 GET /dashboard 200 in 693ms (next.js: 19ms, proxy.ts: 615ms, application-code: 59ms)
 GET /dashboard 200 in 181ms (next.js: 6ms, proxy.ts: 15ms, application-code: 159ms)
 GET /admin 200 in 320ms (next.js: 3ms, proxy.ts: 6ms, application-code: 311ms)
 GET /admin 200 in 752ms (next.js: 200ms, proxy.ts: 5ms, application-code: 547ms)
 GET /api/documents?tenantId=e85fb727-2e74-440c-8f4c-b76d0f31beea&page=1&pageSize=10 200 in 381ms (next.js: 75ms, proxy.ts: 5ms, application-code: 301ms)
 GET /api/billing/usage?tenantId=e85fb727-2e74-440c-8f4c-b76d0f31beea 200 in 833ms (next.js: 39ms, proxy.ts: 7ms, application-code: 787ms)
 GET /api/documents?tenantId=e85fb727-2e74-440c-8f4c-b76d0f31beea&page=1&pageSize=10 200 in 234ms (next.js: 7ms, proxy.ts: 11ms, application-code: 216ms)
